
> amret-v2-frontend@0.0.0 build
> ng build

[33mΓ¥»[39m Building...
[32mΓ£ö[39m Building...
Application bundle generation failed. [1.391 seconds] - 2026-03-07T05:05:31.582Z

node.exe : [1m[31m[31mX 
[41;31m[[41;97mERROR[41;31m][0m [1mCould not 
resolve "@angular/animations/browser"[0m
At C:\Program Files\nodejs\npm.ps1:29 char:3
+   & $NODE_EXE $NPM_CLI_JS $args
+   ~~~~~~~~~~~~~~~~~~~~~~~~~~~~~
    + CategoryInfo          : NotSpecified: ([1m[ 
   31m[31mX...ns/browser"[0m:String) [], RemoteE  
  xception
    + FullyQualifiedErrorId : NativeCommandError
 

    node_modules/@angular/platform-browser/fesm2022/
animations-async.mjs:37:53:
[37m      37 Γöé ....moduleImpl ?? import([32m'@an
gular/animations/browser'[37m).then(m => m);
         Γò╡                          
[32m~~~~~~~~~~~~~~~~~~~~~~~~~~~~~[0m

  You can mark the path 
"@angular/animations/browser" as external to 
exclude it from the bundle, which will remove this 
error and leave the unresolved path in the bundle. 
You can also add ".catch()" here to handle this 
failure at run-time instead of bundle-time.

[39m[22m
